18:16:15 **** Incremental Build of configuration Debug for project ZEGAR_PMIK ****
make -j12 all 
arm-none-eabi-size   ZEGAR_PMIK.elf 
   text	   data	    bss	    dec	    hex	filename
  12548	    120	   2144	  14812	   39dc	ZEGAR_PMIK.elf
Finished building: default.size.stdout
 
18:16:17 **** Incremental Build of configuration Debug for project ZEGAR_PMIK ****
make -j12 all 
arm-none-eabi-size   ZEGAR_PMIK.elf 
   text	   data	    bss	    dec	    hex	filename
  12548	    120	   2144	  14812	   39dc	ZEGAR_PMIK.elf
Finished building: default.size.stdout
 
