../Core/Src/main.c:90:6:HAL_TIM_PeriodElapsedCallback	16	static
../Core/Src/main.c:99:6:HAL_RTC_AlarmAEventCallback	16	static
../Core/Src/main.c:104:6:HAL_UART_RxCpltCallback	40	static
../Core/Src/main.c:177:5:main	8	static
../Core/Src/main.c:239:6:SystemClock_Config	136	static
../Core/Src/main.c:289:13:MX_RTC_Init	72	static
../Core/Src/main.c:372:13:MX_TIM2_Init	32	static
../Core/Src/main.c:417:13:MX_TIM3_Init	32	static
../Core/Src/main.c:462:13:MX_USART1_UART_Init	8	static
../Core/Src/main.c:497:13:MX_USART4_UART_Init	8	static
../Core/Src/main.c:532:13:MX_USART5_UART_Init	8	static
../Core/Src/main.c:567:13:MX_GPIO_Init	56	static
../Core/Src/main.c:641:6:Error_Handler	8	static,ignoring_inline_asm
