../Core/Src/main.c:85:5:main	16	static
../Core/Src/main.c:160:6:SystemClock_Config	136	static
../Core/Src/main.c:209:13:MX_RTC_Init	72	static
../Core/Src/main.c:292:13:MX_TIM2_Init	32	static
../Core/Src/main.c:337:13:MX_TIM3_Init	32	static
../Core/Src/main.c:382:13:MX_USART4_UART_Init	8	static
../Core/Src/main.c:417:13:MX_GPIO_Init	56	static
../Core/Src/main.c:481:6:HAL_TIM_PeriodElapsedCallback	16	static
../Core/Src/main.c:486:6:HAL_RTC_AlarmAEventCallback	16	static
../Core/Src/main.c:497:6:Error_Handler	8	static,ignoring_inline_asm
