../Devices/Src/cJSON_Utils.c:66:23:cJSONUtils_strdup	24	static
../Devices/Src/cJSON_Utils.c:83:12:compare_strings	32	static
../Devices/Src/cJSON_Utils.c:112:19:compare_double	64	static
../Devices/Src/cJSON_Utils.c:120:19:compare_pointers	32	static
../Devices/Src/cJSON_Utils.c:157:15:pointer_encoded_length	24	static
../Devices/Src/cJSON_Utils.c:173:13:encode_string_as_pointer	16	static
../Devices/Src/cJSON_Utils.c:198:22:cJSONUtils_FindPointerFromObjectTo	48	static
../Devices/Src/cJSON_Utils.c:262:15:get_array_item	24	static
../Devices/Src/cJSON_Utils.c:274:19:decode_array_index_from_pointer	24	static
../Devices/Src/cJSON_Utils.c:301:15:get_item_from_pointer	32	static
../Devices/Src/cJSON_Utils.c:348:23:cJSONUtils_GetPointer	16	static
../Devices/Src/cJSON_Utils.c:353:23:cJSONUtils_GetPointerCaseSensitive	16	static
../Devices/Src/cJSON_Utils.c:359:13:decode_pointer_inplace	24	static
../Devices/Src/cJSON_Utils.c:393:15:detach_item_from_array	24	static
../Devices/Src/cJSON_Utils.c:430:15:detach_path	48	static
../Devices/Src/cJSON_Utils.c:484:15:sort_list	40	static
../Devices/Src/cJSON_Utils.c:595:13:sort_object	16	static
../Devices/Src/cJSON_Utils.c:604:19:compare_json	32	static
../Devices/Src/cJSON_Utils.c:693:19:insert_item_in_array	32	static
../Devices/Src/cJSON_Utils.c:730:15:get_object_item	24	static
../Devices/Src/cJSON_Utils.c:742:29:decode_patch_operation	24	static
../Devices/Src/cJSON_Utils.c:784:13:overwrite_item	16	static
../Devices/Src/cJSON_Utils.c:807:12:apply_patch	104	static
../Devices/Src/cJSON_Utils.c:1038:19:cJSONUtils_ApplyPatches	24	static
../Devices/Src/cJSON_Utils.c:1067:19:cJSONUtils_ApplyPatchesCaseSensitive	24	static
../Devices/Src/cJSON_Utils.c:1096:13:compose_patch	40	static
../Devices/Src/cJSON_Utils.c:1136:20:cJSONUtils_AddPatchToArray	32	static
../Devices/Src/cJSON_Utils.c:1141:13:create_patches	80	static
../Devices/Src/cJSON_Utils.c:1281:23:cJSONUtils_GeneratePatches	40	static
../Devices/Src/cJSON_Utils.c:1296:23:cJSONUtils_GeneratePatchesCaseSensitive	40	static
../Devices/Src/cJSON_Utils.c:1311:20:cJSONUtils_SortObject	16	static
../Devices/Src/cJSON_Utils.c:1316:20:cJSONUtils_SortObjectCaseSensitive	16	static
../Devices/Src/cJSON_Utils.c:1321:15:merge_patch	40	static
../Devices/Src/cJSON_Utils.c:1381:23:cJSONUtils_MergePatch	16	static
../Devices/Src/cJSON_Utils.c:1386:23:cJSONUtils_MergePatchCaseSensitive	16	static
../Devices/Src/cJSON_Utils.c:1391:15:generate_merge_patch	48	static
../Devices/Src/cJSON_Utils.c:1473:23:cJSONUtils_GenerateMergePatch	16	static
../Devices/Src/cJSON_Utils.c:1478:23:cJSONUtils_GenerateMergePatchCaseSensitive	16	static
