../Devices/Src/cJSON.c:94:28:cJSON_GetErrorPtr	8	static
../Devices/Src/cJSON.c:99:22:cJSON_GetStringValue	16	static
../Devices/Src/cJSON.c:109:22:cJSON_GetNumberValue	16	static
../Devices/Src/cJSON.c:124:27:cJSON_Version	16	static
../Devices/Src/cJSON.c:133:12:case_insensitive_strcmp	24	static
../Devices/Src/cJSON.c:188:23:cJSON_strdup	24	static
../Devices/Src/cJSON.c:209:20:cJSON_InitHooks	16	static
../Devices/Src/cJSON.c:241:15:cJSON_New_Item	24	static
../Devices/Src/cJSON.c:253:20:cJSON_Delete	24	static
../Devices/Src/cJSON.c:277:22:get_decimal_point	8	static
../Devices/Src/cJSON.c:305:19:parse_number	112	static
../Devices/Src/cJSON.c:382:22:cJSON_SetNumberHelper	24	static
../Devices/Src/cJSON.c:400:21:cJSON_SetValuestring	32	static
../Devices/Src/cJSON.c:444:23:ensure	24	static
../Devices/Src/cJSON.c:530:13:update_offset	32	static
../Devices/Src/cJSON.c:543:19:compare_double	64	static
../Devices/Src/cJSON.c:550:19:print_number	96	static
../Devices/Src/cJSON.c:620:17:parse_hex4	24	static
../Devices/Src/cJSON.c:657:22:utf16_literal_to_utf8	48	static
../Devices/Src/cJSON.c:778:19:parse_string	56	static
../Devices/Src/cJSON.c:907:19:print_string_ptr	40	static
../Devices/Src/cJSON.c:1029:19:print_string	16	static
../Devices/Src/cJSON.c:1043:22:buffer_skip_whitespace	16	static
../Devices/Src/cJSON.c:1069:22:skip_utf8_bom	16	static
../Devices/Src/cJSON.c:1084:23:cJSON_ParseWithOpts	32	static
../Devices/Src/cJSON.c:1100:23:cJSON_ParseWithLengthOpts	72	static
../Devices/Src/cJSON.c:1180:23:cJSON_Parse	16	static
../Devices/Src/cJSON.c:1185:23:cJSON_ParseWithLength	16	static
../Devices/Src/cJSON.c:1192:23:print	72	static
../Devices/Src/cJSON.c:1257:22:cJSON_Print	16	static
../Devices/Src/cJSON.c:1262:22:cJSON_PrintUnformatted	16	static
../Devices/Src/cJSON.c:1267:22:cJSON_PrintBuffered	72	static
../Devices/Src/cJSON.c:1297:26:cJSON_PrintPreallocated	72	static
../Devices/Src/cJSON.c:1317:19:parse_value	16	static
../Devices/Src/cJSON.c:1372:19:print_value	24	static
../Devices/Src/cJSON.c:1446:19:parse_array	32	static
../Devices/Src/cJSON.c:1544:19:print_array	32	static
../Devices/Src/cJSON.c:1606:19:parse_object	32	static
../Devices/Src/cJSON.c:1719:19:print_object	40	static
../Devices/Src/cJSON.c:1833:19:cJSON_GetArraySize	24	static
../Devices/Src/cJSON.c:1856:15:get_array_item	24	static
../Devices/Src/cJSON.c:1875:23:cJSON_GetArrayItem	16	static
../Devices/Src/cJSON.c:1885:15:get_object_item	32	static
../Devices/Src/cJSON.c:1917:23:cJSON_GetObjectItem	16	static
../Devices/Src/cJSON.c:1922:23:cJSON_GetObjectItemCaseSensitive	16	static
../Devices/Src/cJSON.c:1927:26:cJSON_HasObjectItem	16	static
../Devices/Src/cJSON.c:1933:13:suffix_object	16	static
../Devices/Src/cJSON.c:1940:15:create_reference	24	static
../Devices/Src/cJSON.c:1961:19:add_item_to_array	24	static
../Devices/Src/cJSON.c:1995:26:cJSON_AddItemToArray	16	static
../Devices/Src/cJSON.c:2007:14:cast_away_const	16	static
../Devices/Src/cJSON.c:2016:19:add_item_to_object	32	static
../Devices/Src/cJSON.c:2053:26:cJSON_AddItemToObject	40	static
../Devices/Src/cJSON.c:2059:26:cJSON_AddItemToObjectCS	40	static
../Devices/Src/cJSON.c:2064:26:cJSON_AddItemReferenceToArray	16	static
../Devices/Src/cJSON.c:2074:26:cJSON_AddItemReferenceToObject	40	static
../Devices/Src/cJSON.c:2084:22:cJSON_AddNullToObject	40	static
../Devices/Src/cJSON.c:2096:22:cJSON_AddTrueToObject	40	static
../Devices/Src/cJSON.c:2108:22:cJSON_AddFalseToObject	40	static
../Devices/Src/cJSON.c:2120:22:cJSON_AddBoolToObject	48	static
../Devices/Src/cJSON.c:2132:22:cJSON_AddNumberToObject	48	static
../Devices/Src/cJSON.c:2144:22:cJSON_AddStringToObject	48	static
../Devices/Src/cJSON.c:2156:22:cJSON_AddRawToObject	48	static
../Devices/Src/cJSON.c:2168:22:cJSON_AddObjectToObject	40	static
../Devices/Src/cJSON.c:2180:22:cJSON_AddArrayToObject	40	static
../Devices/Src/cJSON.c:2192:23:cJSON_DetachItemViaPointer	16	static
../Devices/Src/cJSON.c:2228:23:cJSON_DetachItemFromArray	16	static
../Devices/Src/cJSON.c:2238:20:cJSON_DeleteItemFromArray	16	static
../Devices/Src/cJSON.c:2243:23:cJSON_DetachItemFromObject	24	static
../Devices/Src/cJSON.c:2250:23:cJSON_DetachItemFromObjectCaseSensitive	24	static
../Devices/Src/cJSON.c:2257:20:cJSON_DeleteItemFromObject	16	static
../Devices/Src/cJSON.c:2262:20:cJSON_DeleteItemFromObjectCaseSensitive	16	static
../Devices/Src/cJSON.c:2268:26:cJSON_InsertItemInArray	32	static
../Devices/Src/cJSON.c:2302:26:cJSON_ReplaceItemViaPointer	24	static
../Devices/Src/cJSON.c:2351:26:cJSON_ReplaceItemInArray	24	static
../Devices/Src/cJSON.c:2361:19:replace_item_in_object	24	static
../Devices/Src/cJSON.c:2384:26:cJSON_ReplaceItemInObject	24	static
../Devices/Src/cJSON.c:2389:26:cJSON_ReplaceItemInObjectCaseSensitive	24	static
../Devices/Src/cJSON.c:2395:23:cJSON_CreateNull	16	static
../Devices/Src/cJSON.c:2406:23:cJSON_CreateTrue	16	static
../Devices/Src/cJSON.c:2417:23:cJSON_CreateFalse	16	static
../Devices/Src/cJSON.c:2428:23:cJSON_CreateBool	24	static
../Devices/Src/cJSON.c:2439:23:cJSON_CreateNumber	24	static
../Devices/Src/cJSON.c:2465:23:cJSON_CreateString	24	static
../Devices/Src/cJSON.c:2482:23:cJSON_CreateStringReference	24	static
../Devices/Src/cJSON.c:2494:23:cJSON_CreateObjectReference	24	static
../Devices/Src/cJSON.c:2505:23:cJSON_CreateArrayReference	24	static
../Devices/Src/cJSON.c:2515:23:cJSON_CreateRaw	24	static
../Devices/Src/cJSON.c:2532:23:cJSON_CreateArray	16	static
../Devices/Src/cJSON.c:2543:23:cJSON_CreateObject	16	static
../Devices/Src/cJSON.c:2555:23:cJSON_CreateIntArray	32	static
../Devices/Src/cJSON.c:2595:23:cJSON_CreateFloatArray	32	static
../Devices/Src/cJSON.c:2635:23:cJSON_CreateDoubleArray	32	static
../Devices/Src/cJSON.c:2675:23:cJSON_CreateStringArray	32	static
../Devices/Src/cJSON.c:2716:23:cJSON_Duplicate	32	static
../Devices/Src/cJSON.c:2799:13:skip_oneline_comment	16	static
../Devices/Src/cJSON.c:2812:13:skip_multiline_comment	16	static
../Devices/Src/cJSON.c:2826:13:minify_string	16	static
../Devices/Src/cJSON.c:2848:20:cJSON_Minify	24	static
../Devices/Src/cJSON.c:2896:26:cJSON_IsInvalid	16	static
../Devices/Src/cJSON.c:2906:26:cJSON_IsFalse	16	static
../Devices/Src/cJSON.c:2916:26:cJSON_IsTrue	16	static
../Devices/Src/cJSON.c:2927:26:cJSON_IsBool	16	static
../Devices/Src/cJSON.c:2936:26:cJSON_IsNull	16	static
../Devices/Src/cJSON.c:2946:26:cJSON_IsNumber	16	static
../Devices/Src/cJSON.c:2956:26:cJSON_IsString	16	static
../Devices/Src/cJSON.c:2966:26:cJSON_IsArray	16	static
../Devices/Src/cJSON.c:2976:26:cJSON_IsObject	16	static
../Devices/Src/cJSON.c:2986:26:cJSON_IsRaw	16	static
../Devices/Src/cJSON.c:2996:26:cJSON_Compare	40	static
../Devices/Src/cJSON.c:3121:22:cJSON_malloc	16	static
../Devices/Src/cJSON.c:3126:20:cJSON_free	16	static
